// Jest Snapshot v1, https://goo.gl/fbAQLP

exports[`AddUser renders a snapshot properly 1`] = `
<form>
  <div
    className="field"
  >
    <input
      className="input is-large"
      name="username"
      placeholder="Enter a user name"
      required={true}
      type="text"
    />
  </div>
  <div
    className="field"
  >
    <input
      className="input is-large"
      name="email"
      placeholder="Enter an email address"
      required={true}
      type="text"
    />
  </div>
  <div
    className="field"
  >
    <input
      className="button is-primary is-large is-fullwidth"
      type="submit"
      value="Submit"
    />
  </div>
</form>
`;
